// Vitest Snapshot v1, https://vitest.dev/guide/snapshot.html

exports[`ListMovies > snapshot UI testing 1`] = `"Buscar"`;
